BL51 BANKED LINKER/LOCATER V6.22                                                        04/17/2020  23:12:39  PAGE 1


BL51 BANKED LINKER/LOCATER V6.22, INVOKED BY:
C:\KEIL\C51\BIN\BL51.EXE nhapnhay.obj TO test


INPUT MODULES INCLUDED:
  nhapnhay.obj (NHAPNHAY)


LINK MAP OF MODULE:  test (NHAPNHAY)


            TYPE    BASE      LENGTH    RELOCATION   SEGMENT NAME
            -----------------------------------------------------

            * * * * * * *   D A T A   M E M O R Y   * * * * * * *
            REG     0000H     0008H     ABSOLUTE     "REG BANK 0"

            * * * * * * *   C O D E   M E M O R Y   * * * * * * *
            CODE    0000H     002DH     ABSOLUTE     



SYMBOL TABLE OF MODULE:  test (NHAPNHAY)

  VALUE           TYPE          NAME
  ----------------------------------

  -------         MODULE        NHAPNHAY
  C:0020H         SYMBOL        DELAY
  C:0022H         SYMBOL        H1
  C:0024H         SYMBOL        H2
  C:0026H         SYMBOL        H3
  C:0000H         SYMBOL        LOOP
  D:0090H         SYMBOL        P1
  D:00A0H         SYMBOL        P2
  D:00B0H         SYMBOL        P3
  C:0000H         LINE#         3
  C:0003H         LINE#         4
  C:0006H         LINE#         5
  C:0009H         LINE#         7
  C:000CH         LINE#         8
  C:000FH         LINE#         9
  C:0012H         LINE#         10
  C:0015H         LINE#         12
  C:0018H         LINE#         13
  C:001BH         LINE#         14
  C:001EH         LINE#         16
  C:0020H         LINE#         18
  C:0022H         LINE#         19
  C:0024H         LINE#         20
  C:0026H         LINE#         21
  C:0028H         LINE#         22
  C:002AH         LINE#         23
  C:002CH         LINE#         24
  -------         ENDMOD        NHAPNHAY

Program Size: data=8.0 xdata=0 code=45
LINK/LOCATE RUN COMPLETE.  0 WARNING(S),  0 ERROR(S)
